family                           rows teacher=gold conflicts no_consensus
aqua_math                        2196        0.583       261            0
arc_science                       750        0.983         8            0
boolq_passage_qa                 2101        0.875        49            0
civil_toxicity                   6659        0.648        88            0
clinc_intent                     3512        0.976        53            0
csqa_commonsense                 2149        0.779       200            0
dbpedia_topic                    3333        0.992        15            0
massive_intent                   2384        0.919       111            0
sni_task022_cosmosqa_passage_inappropriate_binary     22        0.727         5            0
sni_task027_drop_answer_type_generation    191        0.906         9            0
sni_task066_timetravel_binary_consistency_classification    189        0.963         2            0
sni_task082_babi_t1_single_supporting_fact_question_generation     12        1.000         0            0
sni_task083_babi_t1_single_supporting_fact_answer_generation    197        0.995         1            0
sni_task084_babi_t1_single_supporting_fact_identify_relevant_fact    167        0.994         1            0
sni_task106_scruples_ethical_judgment    180        0.689         1            0
sni_task112_asset_simple_sentence_identification    159        0.912         3            0
sni_task1135_xcsr_en_commonsense_mc_classification    175        0.789        18            0
sni_task114_is_the_given_word_longest    174        0.534         0            0
sni_task1152_bard_analogical_reasoning_causation     46        0.739         7            0
sni_task1154_bard_analogical_reasoning_travel    139        0.525        37            0
sni_task1155_bard_analogical_reasoning_trash_or_treasure    119        0.899         2            0
sni_task1157_bard_analogical_reasoning_rooms_for_containers    118        0.831        14            0
sni_task1158_bard_analogical_reasoning_manipulating_items     88        0.716        11            0
sni_task1159_bard_analogical_reasoning_containers    145        0.669        25            0
sni_task115_help_advice_classification    195        0.759         1            0
sni_task1196_atomic_classification_oeffect    187        0.401         0            0
sni_task1198_atomic_classification_owant    156        0.436         0            0
sni_task1199_atomic_classification_xattr    176        0.682         3            0
sni_task1200_atomic_classification_xeffect    180        0.533         0            0
sni_task1201_atomic_classification_xintent    180        0.622         0            0
sni_task1202_atomic_classification_xneed    196        0.520         0            0
sni_task1203_atomic_classification_xreact    172        0.709         1            0
sni_task1205_atomic_classification_isafter    183        0.552         0            0
sni_task1207_atomic_classification_atlocation    174        0.626         0            0
sni_task1208_atomic_classification_xreason    176        0.614         0            0
sni_task1209_atomic_classification_objectuse    184        0.571         0            0
sni_task1210_atomic_classification_madeupof    202        0.777         3            0
sni_task1211_atomic_classification_hassubevent    172        0.605         0            0
sni_task1212_atomic_classification_hasproperty    167        0.593         0            0
sni_task1213_atomic_classification_desires    184        0.549         0            0
sni_task1214_atomic_classification_xwant    189        0.667         0            0
sni_task1215_atomic_classification_capableof    181        0.508         0            0
sni_task1216_atomic_classification_causes    168        0.536         0            0
sni_task1285_kpa_keypoint_matching    174        0.822         4            0
sni_task1297_qasc_question_answering    189        0.931         9            0
sni_task1321_country_continent     47        0.979         0            0
sni_task1359_numer_sense_answer_generation    169        0.479        52            0
sni_task1360_numer_sense_multiple_choice_qa_generation    185        0.578        11            0
sni_task1366_healthfact_classification     54        0.815         7            0
sni_task1380_quarel_correct_option_generation    157        0.841         2            0
sni_task1381_quarel_incorrect_option_generation    178        0.725         2            0
sni_task1388_cb_entailment         71        0.873         3            0
sni_task1389_hellaswag_completion    172        0.680        13            0
sni_task1391_winogrande_easy_answer_generation    180        0.783         5            0
sni_task1418_bless_semantic_relation_classification    183        0.858        14            0
sni_task1419_mathqa_gain          186        0.392         9            0
sni_task1420_mathqa_general       167        0.407         9            0
sni_task1421_mathqa_other         167        0.461        14            0
sni_task1422_mathqa_physics       173        0.393        11            0
sni_task1423_mathqa_geometry      189        0.423        13            0
sni_task1424_mathqa_probability    135        0.474        14            0
sni_task1439_doqa_cooking_isanswerable    165        0.745         0            0
sni_task1442_doqa_movies_isanswerable    191        0.654         0            0
sni_task1502_hatexplain_classification    176        0.636         1            0
sni_task1503_hatexplain_classification    181        0.724        29            0
sni_task1517_limit_classfication    185        0.665         0            0
sni_task1529_scitail1.1_classification    192        0.875         7            0
sni_task1548_wiqa_binary_classification    147        0.905         6            0
sni_task1549_wiqa_answer_generation_missing_step     20        0.700         2            0
sni_task1554_scitail_classification    170        0.882         3            0
sni_task1565_triviaqa_classification     19        0.421         6            0
sni_task1568_propara_classification     33        0.606         2            0
sni_task1583_bless_meronym_classification    186        0.871         6            0
sni_task1623_disfl_qa_disfluent_question_classification    172        0.930         5            0
sni_task1624_disfl_qa_question_yesno_classification    188        0.723         0            0
sni_task1630_openpi_classification    187        0.845        17            0
sni_task1640_aqa1.0_answerable_unanswerable_question_classification    179        0.827         2            0
sni_task1661_super_glue_classification    191        0.927         3            0
sni_task1678_mathqa_answer_selection    205        0.439        25            0
sni_task1727_wiqa_what_is_the_effect    179        0.682         7            0
sni_task190_snli_classification    162        0.414         0            0
sni_task197_mnli_domain_answer_generation    172        0.593        18            0
sni_task198_mnli_domain_classification    185        0.135         0            0
sni_task199_mnli_classification    203        0.567         0            0
sni_task200_mnli_entailment_classification    175        0.897         8            0
sni_task201_mnli_neutral_classification    169        0.402         0            0
sni_task202_mnli_contradiction_classification    165        0.952         5            0
sni_task204_mnli_same_genre_classification    197        0.756         0            0
sni_task211_logic2text_classification    186        0.957         2            0
sni_task212_logic2text_classification    182        0.989         2            0
sni_task224_scruples_anecdotes_ethical_judgment    184        0.842         4            0
sni_task228_arc_answer_generation_easy    179        0.989         0            0
sni_task229_arc_answer_generation_hard    149        0.953         4            0
sni_task230_iirc_passage_classification    180        1.000         0            0
sni_task231_iirc_link_classification    198        0.904        10            0
sni_task232_iirc_link_number_classification    179        0.771         4            0
sni_task233_iirc_link_exists_classification    170        0.500         0            0
sni_task241_tweetqa_classification    157        0.936         1            0
sni_task242_tweetqa_classification    181        0.950         2            0
sni_task268_casehold_legal_answer_generation    193        0.720        24            0
sni_task274_overruling_legal_classification    178        0.854         6            0
sni_task276_enhanced_wsc_classification    162        0.895         9            0
sni_task279_stereoset_classification_stereotype    193        0.694         5            0
sni_task280_stereoset_classification_stereotype_type    195        0.846        13            0
sni_task282_scruples_event_time    187        0.818         1            0
sni_task289_gigaword_summarization    177        0.983         2            0
sni_task316_crows-pairs_classification_stereotype    156        0.500         0            0
sni_task317_crows-pairs_classification_stereotype_type    161        0.857        13            0
sni_task318_stereoset_classification_gender    172        0.680         7            0
sni_task319_stereoset_classification_profession    181        0.691         6            0
sni_task320_stereoset_classification_race    183        0.628         0            0
sni_task321_stereoset_classification_religion     43        0.581        11            0
sni_task322_jigsaw_classification_threat    179        0.709         0            0
sni_task323_jigsaw_classification_sexually_explicit    169        0.710         0            0
sni_task324_jigsaw_classification_disagree     85        0.494        37            0
sni_task325_jigsaw_classification_identity_attack    174        0.839         2            0
sni_task326_jigsaw_classification_obscene    177        0.695         0            0
sni_task327_jigsaw_classification_toxic    185        0.930         6            0
sni_task328_jigsaw_classification_insult    204        0.838         5            0
sni_task329_gap_classification    166        0.861         6            0
sni_task340_winomt_classification_gender_pro    166        1.000         0            0
sni_task341_winomt_classification_gender_anti    178        0.949         2            0
sni_task346_hybridqa_classification    172        0.762         2            0
sni_task349_squad2.0_answerable_unanswerable_question_classification    166        0.813         4            0
sni_task350_winomt_classification_gender_identifiability_pro    181        0.702         1            0
sni_task353_casino_classification_negotiation_elicit_pref    163        0.914         4            0
sni_task354_casino_classification_negotiation_no_need     90        0.778         9            0
sni_task355_casino_classification_negotiation_other_need    186        0.796         1            0
sni_task357_casino_classification_negotiation_small_talk    167        0.856         4            0
sni_task358_casino_classification_negotiation_uv_part     64        0.750        12            0
sni_task359_casino_classification_negotiation_vouch_fair    169        0.722         0            0
sni_task380_boolq_yes_no_question    186        0.887         5            0
sni_task389_torque_generate_temporal_question      1        1.000         0            0
sni_task391_causal_relationship    183        0.716         0            0
sni_task392_inverse_causal_relationship    184        0.745         0            0
sni_task428_senteval_inversion    183        0.792         6            0
sni_task429_senteval_tense        171        0.889         8            0
sni_task430_senteval_subject_count    173        0.763         3            0
sni_task462_qasper_classification    177        0.616         2            0
sni_task472_haspart_classification    185        0.681         0            0
sni_task476_cls_english_books_classification    162        0.951         4            0
sni_task477_cls_english_dvd_classification    164        0.988         2            0
sni_task478_cls_english_music_classification    193        0.953         6            0
sni_task493_review_polarity_classification    172        0.965         4            0
sni_task494_review_polarity_answer_generation    184        0.973         2            0
sni_task498_scruples_anecdotes_whoiswrong_classification    183        0.585        16            0
sni_task501_scruples_anecdotes_post_type_verification    179        0.531         0            0
sni_task502_scruples_anecdotes_whoiswrong_verification    175        0.583         0            0
sni_task503_scruples_anecdotes_isanswerable    131        0.710         0            0
sni_task508_scruples_dilemmas_more_ethical_isidentifiable    191        0.555         0            0
sni_task515_senteval_odd_word_out    165        0.624         0            0
sni_task516_senteval_conjoints_inversion    172        0.541         0            0
sni_task564_discofuse_classification    185        0.168       127            0
sni_task566_circa_classification    175        0.451         0            0
sni_task573_air_dialogue_classification    180        0.978         3            0
sni_task575_air_dialogue_classification    186        0.919         6            0
sni_task583_udeps_eng_coarse_pos_tagging    182        0.813        25            0
sni_task586_amazonfood_polarity_classification    195        0.969         3            0
sni_task587_amazonfood_polarity_correction_classification    200        0.960         4            0
sni_task588_amazonfood_rating_classification    178        0.669        22            0
sni_task590_amazonfood_summary_correction_classification    174        0.667         0            0
sni_task638_multi_woz_classification    169        0.479         0            0
sni_task640_esnli_classification     23        0.826         3            0
sni_task641_esnli_classification     46        0.652        13            0
sni_task642_esnli_classification     63        0.651         7            0
sni_task673_google_wellformed_query_classification    189        0.698         0            0
sni_task679_hope_edi_english_text_classification    215        0.712         0            0
sni_task681_hope_edi_malayalam_text_classification    193        0.679        12            0
sni_task738_perspectrum_classification    160        0.963         2            0
sni_task750_aqua_multiple_choice_answering    178        0.438        14            0
sni_task766_craigslist_bargains_classification     44        0.909         4            0
sni_task767_craigslist_bargains_classification    176        0.960         6            0
sni_task833_poem_sentiment_classification     67        0.970         1            0
sni_task859_prost_question_generation     19        0.842         1            0
sni_task869_cfq_mcd1_sql_to_explanation     42        0.976         1            0
sni_task879_schema_guided_dstc8_classification    180        0.883         7            0
sni_task880_schema_guided_dstc8_classification    200        0.535        22            0
sni_task881_schema_guided_dstc8_classification    181        0.994         1            0
sni_task889_goemotions_classification    121        0.653        17            0
sni_task892_gap_reverse_coreference_resolution     45        0.444         7            0
sni_task904_hate_speech_offensive_classification    157        0.694         7            0
sni_task905_hate_speech_offensive_classification    167        0.754         6            0
sni_task925_coached_conv_pref_classifier    118        0.847         2            0
sni_task936_defeasible_nli_snli_classification    184        0.859         3            0
sni_task937_defeasible_nli_social_classification    182        0.890         6            0
sni_task966_ruletaker_fact_checking_based_on_given_context     67        1.000         0            0
sni_task970_sherliic_causal_relationship    168        0.696         2            0
snli_nli                         5584        0.798        77            0
syn_0000_pipeline_quality_rating      7        1.000         0            0
syn_0001_ap_routing                 7        1.000         0            0
syn_0002_reg_compliance_risk_score      5        1.000         0            3
syn_0004_spreadsheet_risk_score      7        1.000         0            0
syn_0005_slide_deck_risk_rating      4        1.000         0            0
syn_0006_property_maintenance_next_action     11        1.000         0            0
syn_0007_ticket_refund_eligibility     13        1.000         0            0
syn_0008_onboarding_next_action      7        1.000         0            0
syn_0009_vet_triage_selection      10        1.000         0            0
syn_0010_contract_risk_rating       7        1.000         0            1
syn_0011_food_safety_anomaly_detection     15        1.000         0            0
syn_0013_loyalty_reward_selector     12        1.000         0            0
syn_0015_onboarding_completion_check     13        1.000         0            0
syn_0016_export_consistency_check      9        1.000         0            0
syn_0017_vulnerability_rating       9        1.000         0            0
syn_0018_travel_booking_anomaly_detection     11        1.000         0            0
syn_0019_real_estate_leasing_completion_check     10        1.000         0            0
syn_0020_db_incident_routing       13        1.000         0            0
syn_0021_library_service_quality     17        1.000         0            0
syn_0022_ad_duplicate_detection     12        1.000         0            0
syn_0023_legal_discovery_consistency     13        1.000         0            0
syn_0025_network_root_cause        12        1.000         0            0
syn_0026_document_routing          11        1.000         0            0
syn_0027_ad_quality_rating          8        1.000         0            0
syn_0028_hvac_maintenance_completion     14        1.000         0            0
syn_0029_ticket_next_action         9        1.000         0            1
syn_0030_localization_consistency_check      9        1.000         0            0
syn_0031_api_gateway_next_action      7        1.000         0            0
syn_0032_course_scheduling_root_cause     10        1.000         0            0
syn_0033_duplicate_detection       15        1.000         0            0
syn_0034_hospital_admission_priority     12        1.000         0            0
syn_0035_public_benefits_risk_rating      9        1.000         0            0
syn_0037_aml_next_action           10        1.000         0            0
syn_0038_grid_task_completion      12        1.000         0            0
syn_0040_hotel_reservation_cancellation_cause     11        1.000         0            0
syn_0042_lab_anomaly_detection     12        0.917         0            0
syn_0043_privacy_request_quality      9        1.000         0            0
syn_0045_web_agent_next_action      8        1.000         0            2
syn_0046_utilities_billing_next_action      3        1.000         0            0
syn_0047_clinical_trial_consistency      8        1.000         0            0
syn_0048_duplicate_detection        6        1.000         0            0
syn_0049_workplace_safety_next_action     10        1.000         0            0
syn_0051_grant_consistency_check     11        1.000         0            1
syn_0052_property_maintenance_eligibility     12        1.000         0            0
syn_0053_cicd_next_action          11        1.000         0            0
syn_0054_coding_agent_next_action     11        1.000         0            0
syn_0055_api_gateway_risk_rating      4        1.000         0            0
syn_0056_benefits_risk_rating       9        1.000         0            2
syn_0057_loyalty_root_cause_classification     16        1.000         0            0
syn_0058_lab_completion_check       7        1.000         0            0
syn_0059_ad_review_choice          11        1.000         0            2
syn_0061_pipeline_next_action      11        1.000         0            0
syn_0062_contract_issue_classification      9        1.000         0            0
syn_0063_cloud_cost_priority       11        1.000         0            0
syn_0064_pharmacy_dispense_root_cause     14        1.000         0            0
syn_0065_course_duplicate_detection     10        1.000         0            0
syn_0067_duplicate_entity_detection     12        1.000         0            0
syn_0070_travel_refund_eligibility     13        1.000         0            0
syn_0071_travel_booking_next_action     13        1.000         0            0
syn_0072_irrigation_triage         10        1.000         0            0
syn_0073_pipeline_monitoring_decision      7        1.000         0            0
syn_0074_loc_qa_root_cause         14        1.000         0            0
syn_0077_cloud_cost_routing        12        1.000         0            0
syn_0079_api_gateway_consistency     15        1.000         0            0
syn_0080_online_marketplace_next_action      8        1.000         0            0
syn_0081_subscription_root_cause_classification     11        1.000         0            0
syn_0082_ml_deployment_completion_check     11        1.000         0            0
syn_0083_ticket_routing            14        1.000         0            0
syn_0085_refund_method_selector      9        1.000         0            0
syn_0086_api_gateway_severity_score      8        1.000         0            0
syn_0087_incident_response_completion     12        1.000         0            0
syn_0088_iam_triage_routing        10        1.000         0            1
syn_0089_scaffold_completion_check      9        1.000         0            0
syn_0090_return_refund_completion     11        1.000         0            0
syn_0091_privacy_request_completion      9        1.000         0            0
syn_0093_slide_deck_prioritization      9        1.000         0            1
syn_0094_web_browsing_quality_rating      7        1.000         0            0
syn_0095_lab_policy_check          13        1.000         0            0
syn_0096_loan_underwriting_quality_rating      4        1.000         0            0
syn_0097_contract_severity_rating     11        1.000         0            1
syn_0098_property_maintenance_completion_check     10        1.000         0            0
syn_0099_manufacturing_quality_control      8        1.000         0            0
syn_0100_pharmacy_dispensing_risk      6        1.000         0            0
syn_0101_workplace_safety_policy_check     12        1.000         0            0
syn_0102_cloud_cost_eligibility      9        1.000         0            0
syn_0103_ap_completion_check       11        1.000         0            0
syn_0104_benefits_routing          14        1.000         0            0
syn_0107_subscription_billing_quality     16        1.000         0            0
syn_0109_cloud_cost_duplicate_detection      7        1.000         0            0
syn_0110_ap_eligibility_check       5        1.000         0            0
syn_0111_slide_deck_anomaly_detection     12        1.000         0            0
syn_0112_fast_track_eligibility     10        1.000         0            0
syn_0113_aml_review_quality         9        1.000         0            1
syn_0114_card_payment_next_action      6        1.000         0            0
syn_0115_grant_duplicate_detection     14        1.000         0            0
syn_0116_irrigation_next_action     11        1.000         0            0
syn_0117_benefits_priority_scoring      2        1.000         0            0
syn_0118_loyalty_risk_rating        8        1.000         0            0
syn_0119_localization_qa_eligibility     14        1.000         0            0
syn_0120_onboarding_routing        12        1.000         0            0
syn_0121_engineer_scholarship_eligibility     13        1.000         0            0
syn_0122_course_scheduling_eligibility     10        1.000         0            0
syn_0123_restaurant_issue_priority     13        1.000         0            0
syn_0124_network_quality_rating      6        1.000         0            0
syn_0125_last_mile_completion      10        1.000         0            0
syn_0126_maintenance_duplicate_detection     13        1.000         0            0
syn_0127_recruiting_root_cause     12        1.000         0            1
syn_0128_card_payment_routing      12        1.000         0            0
syn_0129_card_payment_risk_rating     10        1.000         0            0
syn_0130_schedule_quality_rating      6        1.000         0            5
syn_0132_payroll_anomaly_detection     11        0.909         0            0
syn_0134_benefits_eligibility      12        1.000         0            0
syn_0135_content_moderation_risk_rating     13        1.000         0            0
syn_0136_onboarding_duplicate_detection     12        1.000         0            0
syn_0137_iam_consistency_check     10        1.000         0            1
syn_0138_ad_risk_rating             6        1.000         0            1
syn_0139_content_moderation_severity     14        1.000         0            0
syn_0140_clinical_trial_screening_completion     13        1.000         0            0
syn_0143_web_risk_scoring           9        1.000         0            1
syn_0144_aml_priority_scoring      16        1.000         0            0
syn_0146_subscription_duplicate_detection     14        1.000         0            1
syn_0147_pharmacy_dispense_consistency      8        1.000         0            0
syn_0148_web_agent_slowdown_cause     12        1.000         0            0
syn_0149_payroll_consistency_check      9        0.889         0            1
syn_0150_cicd_completion_check     13        1.000         0            0
syn_0152_lease_duplicate_detection     11        1.000         0            0
syn_0153_candidate_onboarding_completion     11        1.000         0            0
syn_0154_sports_league_reschedule_priority      8        1.000         0            0
syn_0155_refund_eligibility_check     11        0.909         0            0
syn_0157_privacy_anomaly_detection      7        1.000         0            0
syn_0158_ci_cd_severity_rating     14        1.000         0            0
syn_0159_api_gateway_policy_check      9        1.000         0            0
syn_0160_export_control_anomaly     12        1.000         0            0
syn_0161_fraud_detection_next_action     11        1.000         0            0
syn_0162_doc_format_anomaly        10        1.000         0            0
syn_0163_food_safety_duplicate_detection     10        0.900         0            1
syn_0164_cicd_consistency_check     17        1.000         0            0
syn_0165_duplicate_dispensing       9        1.000         0            0
syn_0166_third_party_script_eligibility     10        1.000         0            0
syn_0167_university_admissions_selector     10        1.000         0            0
syn_0168_cloud_cost_consistency     13        1.000         0            0
syn_0170_university_admissions_routing     13        1.000         0            0
syn_0171_food_safety_next_action     13        1.000         0            0
syn_0172_db_root_cause_classification      9        1.000         0            0
syn_0173_email_anomaly_detection     11        1.000         0            0
syn_0174_network_consistency_check     11        1.000         0            0
syn_0175_incident_response_next_action     12        1.000         0            0
syn_0176_workplace_safety_consistency     12        1.000         0            0
syn_0177_benefits_consistency_check     10        0.900         0            1
syn_0178_payroll_duplicate_detection     11        1.000         0            0
syn_0179_cicd_root_cause_classification     13        1.000         0            1
syn_0181_customer_support_anomaly_detection     12        1.000         0            0
syn_0182_admissions_category        9        1.000         0            0
syn_0183_university_admissions_completion     13        1.000         0            0
syn_0184_web_consistency_check     13        1.000         0            0
syn_0186_localization_next_action      8        1.000         0            0
syn_0187_pipeline_severity_rating      8        1.000         0            1
syn_0188_loyalty_duplicate_detection      8        1.000         0            0
syn_0189_auto_root_cause_classification     11        1.000         0            0
syn_0191_privacy_request_decision      8        1.000         0            0
syn_0195_aml_root_cause_classification      9        1.000         0            1
syn_0197_export_control_routing     17        1.000         0            0
syn_0198_clinical_trial_screening     10        1.000         0            0
syn_0200_contract_review_completion     11        1.000         0            0
syn_0201_cicd_duplicate_detection      8        1.000         0            0
syn_0202_hotel_reservation_policy     11        1.000         0            0
syn_0203_irrigation_root_cause_classification     16        1.000         0            0
syn_0205_listing_consistency_check      8        1.000         0            2
syn_0207_ticket_root_cause_classification     16        1.000         0            0
syn_0208_sports_league_sched       10        1.000         0            0
syn_0209_irrigation_consistency     12        1.000         0            0
syn_0210_public_benefits_eligibility_rating     11        1.000         0            0
syn_0211_duplicate_entity_detection     11        0.909         0            4
syn_0212_aml_consistency_check     11        1.000         0            0
syn_0213_maritime_consistency_check     13        1.000         0            0
syn_0215_email_priority_rating      7        1.000         0            0
syn_0216_contract_next_action       9        1.000         0            0
syn_0217_utilities_anomaly_detection      6        1.000         0            1
syn_0218_calendar_routing          14        1.000         0            0
syn_0219_event_ticketing_decision     15        1.000         0            0
syn_0220_ticket_duplicate_detection      5        1.000         0            0
syn_0221_privacy_consistency_check     14        1.000         0            0
syn_0222_news_next_action          12        1.000         0            0
syn_0223_child_safety_rating        4        1.000         0            1
syn_0224_maritime_duplicate_detection      9        1.000         0            1
syn_0225_vuln_anomaly_detection     10        1.000         0            0
syn_0226_ci_cd_auto_deploy_eligibility     11        1.000         0            0
syn_0227_incident_response_action_selection     13        1.000         0            0
syn_0230_irrigation_choice          9        1.000         0            0
syn_0231_export_duplicate_detection      7        1.000         0            1
syn_0232_return_consistency_check     12        0.917         0            0
syn_0233_spreadsheet_error_root_cause     11        1.000         0            0
syn_0234_recruiting_priority_scoring     11        1.000         0            0
syn_0236_health_claim_completion     10        1.000         0            0
syn_0237_real_estate_lease_next_action     13        1.000         0            0
syn_0239_vuln_risk_scoring          6        1.000         0            1
syn_0240_library_loan_policy        9        1.000         0            0
syn_0241_child_safety_review       11        1.000         0            0
syn_0242_spreadsheet_next_action     13        1.000         0            0
syn_0243_manufacturing_quality_control      8        1.000         0            0
syn_0244_family_support_grant_eligibility     11        1.000         0            0
syn_0245_utility_billing_routing     11        1.000         0            0
syn_0246_public_benefits_next_action     14        1.000         0            0
syn_0248_benefits_duplicate_detection     12        1.000         0            0
syn_0249_event_ticket_routing      11        1.000         0            0
syn_0250_slide_deck_next_action      8        1.000         0            0
syn_0251_ad_review_next_action     13        1.000         0            0
syn_0252_sports_league_scheduling     10        1.000         0            0
syn_0254_smart_building_next_action     10        1.000         0            1
syn_0255_web_browsing_anomaly      13        1.000         0            0
syn_0256_cloud_cost_next_action     11        1.000         0            0
syn_0257_expense_priority_rating     10        1.000         0            0
syn_0258_construction_safety_anomaly      9        1.000         0            0
syn_0259_snap_completion_check     11        1.000         0            0
syn_0263_ticket_severity_scoring      8        1.000         0            0
syn_0264_last_mile_root_cause      10        1.000         0            0
syn_0265_smart_building_hvac_rating      4        1.000         0            1
syn_0266_sports_league_scheduling      9        1.000         0            0
syn_0267_legal_discovery_classification     10        1.000         0            0
syn_0269_listing_violation         11        1.000         0            0
syn_0270_recruiting_triage         15        1.000         0            0
syn_0271_clinical_trial_eligibility     12        1.000         0            0
syn_0272_privacy_duplicate_detection      9        1.000         0            0
syn_0273_last_mile_violation_detection      7        1.000         0            0
syn_0274_network_risk_rating       13        1.000         0            0
syn_0275_construction_site_safety_routing      8        1.000         0            0
syn_0276_marketplace_risk_scoring      6        1.000         0            0
syn_0277_duplicate_detection       11        1.000         0            1
syn_0278_ml_deployment_severity      8        1.000         0            0
syn_0279_child_safety_duplicate_detection     11        1.000         0            0
syn_0280_ticket_issue_categorization     15        1.000         0            0
syn_0281_travel_booking_completion_check      8        1.000         0            0
syn_0282_travel_booking_routing     11        1.000         0            1
syn_0283_duplicate_vendor_detection     10        1.000         0            0
syn_0284_localization_qa_risk_score     11        1.000         0            0
syn_0285_fast_track_eligibility     13        1.000         0            0
syn_0286_spreadsheet_quality_rating     13        1.000         0            0
syn_0287_health_claim_routing       8        1.000         0            0
syn_0288_loyalty_completion_check     14        1.000         0            0
syn_0289_construction_safety_risk_rating      7        1.000         0            1
syn_0290_event_ticket_priority     13        1.000         0            0
syn_0291_warehouse_next_action     10        1.000         0            0
syn_0292_duplicate_candidate_detection      9        1.000         0            0
syn_0293_manufacturing_quality_severity     15        1.000         0            0
syn_0294_api_gateway_routing        8        1.000         0            0
syn_0295_grid_reliability_rating      9        1.000         0            0
syn_0296_privacy_risk_rating        6        1.000         0            2
syn_0297_automotive_next_action     15        1.000         0            0
syn_0298_hotel_risk_rating         12        1.000         0            1
syn_0299_grant_quality_score       10        1.000         0            0
syn_1000_expense_reimbursement_completion     15        1.000         0            0
syn_1001_public_benefits_routing     14        1.000         0            0
syn_1002_slide_consistency_check     14        1.000         0            0
syn_1003_schedule_consistency_check     10        1.000         0            0
syn_1004_document_formatting_next_action      9        1.000         0            0
syn_1005_quality_control_next_action     10        1.000         0            0
syn_1006_payroll_next_action       12        1.000         0            0
syn_1007_web_browsing_severity     16        1.000         0            0
syn_1008_travel_booking_duplicate_detection     10        1.000         0            1
syn_1009_network_risk_rating        8        1.000         0            0
syn_1010_aviation_maintenance_anomaly     13        1.000         0            1
syn_1011_accessibility_duplicate_detection     13        1.000         0            0
syn_1012_vet_triage_completion_check     12        1.000         0            0
syn_1014_marketplace_selection     15        1.000         0            0
syn_1015_fraud_action_decision     10        1.000         0            0
syn_1016_grant_priority_rating     13        1.000         0            0
syn_1017_crane_operation_policy     15        1.000         0            0
syn_1018_payroll_next_action       15        1.000         0            0
syn_1019_library_duplicate_detection     18        1.000         0            0
syn_1020_cicd_triage_routing       16        1.000         0            0
syn_1021_clinical_trial_eligibility     13        1.000         0            0
syn_1022_content_moderation_severity     15        1.000         0            0
syn_1023_grid_risk_rating           6        1.000         0            1
syn_1024_dpiacompliance_rating     12        1.000         0            0
syn_1025_build_anomaly_detection     14        1.000         0            0
syn_1026_benefits_enrollment_priority     12        1.000         0            0
syn_1027_privacy_request_eligibility     16        1.000         0            0
syn_1028_expense_reimbursement_quality_rating      9        1.000         0            0
syn_1030_returns_refund_decision     12        1.000         0            0
syn_1031_veterinary_duplicate_detection      9        1.000         0            0
syn_1032_smart_building_next_action     13        1.000         0            0
syn_1033_freight_severity_rating     11        1.000         0            0
syn_1034_ticket_risk_scoring       10        1.000         0            0
syn_1035_db_operation_quality      16        1.000         0            0
syn_1036_email_priority_rating     16        1.000         0            0
syn_1037_workplace_safety_anomaly_detection     12        1.000         0            0
syn_1038_warehouse_item_selection      8        1.000         0            0
syn_1041_advertising_review         9        1.000         0            0
syn_1042_expense_reimbursement_best_candidate     12        1.000         0            1
syn_1043_incident_escalation_check     14        1.000         0            0
syn_1045_localization_consistency_check     14        1.000         0            0
syn_1046_travel_booking_urgency     14        1.000         0            0
syn_1047_ci_cd_root_cause          11        1.000         0            0
syn_1048_export_completion_check     13        1.000         0            1
syn_1049_recruiting_next_action     14        1.000         0            0
syn_1050_discovery_consistency_check      9        1.000         0            0
syn_1051_contract_risk_rating      11        1.000         0            0
syn_1052_fraud_anomaly_detection     13        1.000         0            0
syn_1053_db_operation_severity     15        1.000         0            0
syn_1054_localization_qa_safety_review      7        1.000         0            0
syn_1055_scaffold_completion_check     14        1.000         0            0
syn_1056_recruit_anomaly_detection     10        1.000         0            0
syn_1058_card_payment_anomaly_detection     12        0.917         0            1
syn_1059_email_policy_check        14        1.000         0            0
syn_1060_real_estate_leasing_routing     15        1.000         0            0
syn_1062_calendar_assistant_selection     10        1.000         0            0
syn_1064_subscription_priority_rating     16        1.000         0            0
syn_1065_accessibility_audit_next_action     17        1.000         0            0
syn_1066_ad_severity_rating        13        1.000         0            0
syn_1067_news_safety_review         6        1.000         0            0
syn_1068_regulatory_severity_rating     15        1.000         0            0
syn_1069_workplace_safety_compliance     13        1.000         0            0
syn_1071_duplicate_detection       13        1.000         0            0
syn_1072_pharmacy_duplicate_detection     11        1.000         0            0
syn_1073_maritime_delay_cause       8        1.000         0            1
syn_1074_cloud_cost_eligibility     17        1.000         0            0
syn_1076_smart_building_severity_rating     12        1.000         0            0
syn_1077_pipeline_consistency_check     13        1.000         0            0
syn_1078_calendar_priority_rating     13        1.000         0            0
syn_1079_loyalty_anomaly_detection     16        1.000         0            0
syn_1080_calendar_completion_check     13        1.000         0            0
syn_1082_recruiting_quality_rating     13        1.000         0            0
syn_1083_last_mile_risk_rating      8        1.000         0            0
syn_1084_hospital_admission_violation     13        1.000         0            0
syn_1085_spreadsheet_safety_review      4        1.000         0            0
syn_1087_warehouse_root_cause_classification     11        1.000         0            0
syn_1089_news_routing_triage       11        1.000         0            0
syn_1090_privacy_deletion_review      6        1.000         0            0
syn_1091_ticket_quality_rating      0        0.000         0            6
syn_1092_university_admissions_risk     11        1.000         0            0
syn_1093_clinical_trial_screening     15        1.000         0            0
syn_1095_network_agent_safety_review      4        1.000         0            0
syn_1097_expense_reimbursement_next_action     15        1.000         0            0
syn_1098_fraud_root_cause_classification     14        1.000         0            0
syn_1099_incident_response_quality     11        1.000         0            1
syn_1100_customer_support_risk_rating      5        1.000         0            0
syn_1101_automotive_service_risk_rating     10        1.000         0            1
syn_1102_benefits_next_best_action     14        1.000         0            0
syn_1103_web_agent_risk_rating      9        1.000         0            2
syn_1104_listing_next_action        8        1.000         0            0
syn_1106_payroll_root_cause_classification     15        1.000         0            0
syn_1107_calendar_anomaly_detection      8        1.000         0            0
syn_1108_db_anomaly_detection      11        1.000         0            0
syn_1109_grid_priority_rating       8        1.000         0            2
syn_1110_hospital_admission_consistency      8        1.000         0            2
syn_1111_onboarding_risk_assessment      5        1.000         0            2
syn_1113_doc_format_consistency     10        0.800         0            0
syn_1114_ml_deployment_severity     11        1.000         0            1
syn_1115_clinical_trial_routing     16        1.000         0            0
syn_1116_incident_priority         11        1.000         0            0
syn_1117_last_mile_completion_check     17        1.000         0            0
syn_1118_calendar_duplicate_detection     11        1.000         0            0
syn_1121_duplicate_vulnerability_detection     13        1.000         0            0
syn_1122_child_safety_review       17        1.000         0            0
syn_1123_warehouse_next_action     18        1.000         0            0
syn_1124_loyalty_next_best_action      9        1.000         0            0
syn_1126_localization_qa_auto_approval     18        1.000         0            0
syn_1128_workplace_safety_risk_rating     18        1.000         0            0
syn_1129_email_next_best_action      9        1.000         0            0
syn_1130_ap_risk_scoring           13        1.000         0            0
syn_1131_card_payment_routing       9        1.000         0            0
syn_1133_cicd_safety_review         4        1.000         0            0
syn_1134_ci_cd_duplicate_detection     18        1.000         0            0
syn_1135_property_maintenance_next_action     10        1.000         0            0
syn_1136_duplicate_detection       10        1.000         0            0
syn_1137_child_safety_routing      12        1.000         0            0
syn_1138_ad_safety_review           6        1.000         0            0
syn_1139_employee_onboarding_risk      9        1.000         0            0
syn_1140_cloud_cost_routing        14        1.000         0            0
syn_1141_duplicate_detection       17        1.000         0            0
syn_1142_employee_onboarding_next_action     17        1.000         0            0
syn_1144_lab_compliance_check      16        1.000         0            0
syn_1145_ap_invoice_quality        10        1.000         0            1
syn_1146_hospital_admission_severity     17        1.000         0            0
syn_1147_hazardous_permit_eligibility     19        1.000         0            0
syn_1148_ticket_listing_quality     15        1.000         0            0
syn_1149_warehouse_priority_rating     13        1.000         0            0
syn_1150_loan_anomaly_detection      7        1.000         0            0
syn_1151_qc_next_action            10        1.000         0            0
syn_1152_workplace_safety_risk_rating      7        1.000         0            1
syn_1154_content_moderation_root_cause     13        1.000         0            0
syn_1155_maritime_severity_rating     14        1.000         0            0
syn_1156_duplicate_detection_qc     14        1.000         0            0
syn_1158_hospital_admission_policy     14        1.000         0            0
syn_1159_loyalty_routing           13        1.000         0            0
syn_1160_localization_qa_triage     13        1.000         0            0
syn_1161_contract_anomaly_detection     13        1.000         0            0
syn_1162_spreadsheet_prioritization     10        1.000         0            0
syn_1163_grid_stability_rating      6        1.000         0            0
syn_1170_slide_deck_duplicate_detection     14        1.000         0            0
syn_1172_pipeline_safety_review      3        1.000         0            0
syn_1173_duplicate_contract_detection     16        1.000         0            0
syn_1174_site_safety_rating        16        1.000         0            0
syn_1176_duplicate_delivery_record_detection     10        0.600         0            1
syn_1177_accessibility_anomaly_detection     15        1.000         0            0
syn_1178_trajectory_safety_review      5        1.000         0            0
syn_1179_event_ticket_selection     10        1.000         0            1
syn_1180_spreadsheet_next_action     16        1.000         0            1
syn_1181_library_interloan_consistency_check     14        1.000         0            0
syn_1183_clinical_trial_screening_completion     11        1.000         0            0
syn_1184_aml_action_selection       9        1.000         0            1
syn_1185_api_gateway_duplicate_detection     11        1.000         0            0
syn_1186_api_gateway_completion     10        1.000         0            0
syn_1187_aviation_maintenance_consistency_check     13        1.000         0            1
syn_1189_compliance_reject_check     16        1.000         0            0
syn_1190_network_routing_triage     16        1.000         0            0
syn_1191_course_schedule_priority     15        1.000         0            0
syn_1192_vuln_risk_score           11        1.000         0            6
syn_1194_maritime_next_action      16        1.000         0            0
syn_1196_travel_booking_risk_rating     13        1.000         0            0
syn_1197_duplicate_detection       13        0.846         0            1
syn_1199_return_completion_check     16        1.000         0            0
syn_1200_iam_privileged_access_eligibility     10        1.000         0            0
syn_1201_aviation_maintenance_safety_review      7        1.000         0            0
syn_1202_recruitment_selection      8        1.000         0            0
syn_1203_subscription_severity_rating      5        1.000         0            1
syn_1204_hospital_admission_priority     13        1.000         0            0
syn_1205_health_claim_reimbursement_selector     14        1.000         0            1
syn_1206_maritime_next_best_action     13        1.000         0            0
syn_1207_calendar_next_action      12        1.000         0            0
syn_1208_content_moderation_routing     14        1.000         0            0
syn_1209_public_benefits_next_action     14        1.000         0            0
syn_1210_doc_format_risk_rating      6        1.000         0            6
syn_1211_freight_eligibility_check     11        1.000         0            0
syn_1212_freight_root_cause_classification     13        1.000         0            0
syn_1213_billing_safety_review      3        1.000         0            0
syn_1214_maritime_safety_review      1        1.000         0            0
syn_1215_cloud_cost_action_selection      7        1.000         0            4
syn_1216_utility_priority_rating     11        1.000         0            0
syn_1217_duplicate_expense_detection     12        1.000         0            1
syn_1218_clinical_trial_screening     11        1.000         0            0
syn_1219_hotel_cancellation_risk     12        1.000         0            1
syn_1220_privacy_request_category     15        1.000         0            0
syn_1221_db_operation_risk_rating      8        1.000         0            0
syn_1222_grant_priority_rating     11        1.000         0            1
syn_1223_irrigation_eligibility      9        1.000         0            0
syn_1224_network_change_quality_rating     11        1.000         0            0
syn_1225_expense_reimbursement      9        1.000         0            0
syn_1227_grant_consistency_check     11        1.000         0            0
syn_1228_slide_deck_candidate_selection     10        1.000         0            0
syn_1229_news_duplicate_detection     11        1.000         0            0
syn_1230_contract_review_next_action     13        1.000         0            0
syn_1231_workplace_safety_severity     15        1.000         0            0
syn_1232_construction_triage       16        1.000         0            0
syn_1233_construction_duplicate_detection     16        1.000         0            0
syn_1234_localization_qa_severity     12        1.000         0            0
syn_1235_loyalty_issue_classification      6        1.000         0            1
syn_1237_duplicate_detection       13        1.000         0            0
syn_1238_duplicate_detection       11        1.000         0            0
syn_1239_hospital_admission_risk     12        1.000         0            0
syn_1240_pipeline_risk_scoring      7        1.000         0            3
syn_1241_expense_reimbursement_severity      8        1.000         0            3
syn_1242_vuln_next_action          12        1.000         0            1
syn_1243_cloud_cost_risk_rating     13        1.000         0            0
syn_1244_aviation_maintenance_quality_rating     10        1.000         0            0
syn_1245_duplicate_detection       15        1.000         0            0
syn_1246_duplicate_detection       10        1.000         0            0
syn_1247_network_ops_next_action     18        1.000         0            0
syn_1248_fraud_risk_rating          6        1.000         0            0
syn_1249_recruiting_severity_rating     12        1.000         0            0
syn_1250_event_ticket_priority_eligibility     11        1.000         0            0
syn_1252_smart_building_routing     15        1.000         0            0
syn_1253_child_safety_next_action     14        1.000         0            0
syn_1254_loan_routing               9        1.000         0            0
syn_1256_content_moderation_severity      9        1.000         0            0
syn_1257_course_schedule_anomaly     10        1.000         0            0
syn_1258_spreadsheet_discount_selector     13        1.000         0            0
syn_1259_safety_review              6        1.000         0            0
syn_1260_workplace_safety_next_action     13        1.000         0            0
syn_1261_db_consistency_check       5        1.000         0            0
syn_1262_clinical_trial_screening     15        1.000         0            0
syn_1263_quality_root_cause_classification     11        1.000         0            0
syn_1265_subscription_risk_rating     12        1.000         0            0
syn_1266_manufacturing_qc_safety_review      5        1.000         0            0
syn_1267_duplicate_detection       12        1.000         0            0
syn_1268_pipeline_risk_scoring      9        1.000         0            2
syn_1269_ci_cd_duplicate_detection     15        1.000         0            0
syn_1270_contract_duplicate_detection     11        1.000         0            0
syn_1271_localization_severity_rating      8        1.000         0            0
syn_1272_health_ins_claim_eligibility     15        1.000         0            0
syn_1273_loan_underwriting_risk_rating     10        1.000         0            0
syn_1275_loyalty_completion_check     13        1.000         0            0
syn_1276_returns_refund_risk_score     11        1.000         0            0
syn_1277_incident_response_next_best_action_avoid     12        1.000         0            0
syn_1279_health_insurance_claim_completion_check     19        1.000         0            0
syn_1280_cloud_cost_risk_rating     13        1.000         0            0
syn_1282_contract_consistency      17        1.000         0            0
syn_1284_loan_underwriting_severity     17        1.000         0            0
syn_1285_maintenance_completion_check     14        1.000         0            0
syn_1286_travel_booking_routing     15        1.000         0            0
syn_1287_ticket_routing            12        1.000         0            0
syn_1288_news_next_action          17        1.000         0            0
syn_1289_regulatory_root_cause_classification     12        1.000         0            0
syn_1290_aviation_maintenance_risk      4        1.000         0            1
syn_1291_payroll_severity_rating     11        1.000         0            0
syn_1292_university_admissions_risk     13        1.000         0            2
syn_1293_card_payment_risk_severity     10        1.000         0            1
syn_1296_restaurant_next_action     15        1.000         0            0
syn_1297_pipeline_completion_check     10        1.000         0            0
syn_1298_food_safety_duplicate_detection      6        1.000         0            0
syn_1301_returns_refunds_next_action     14        1.000         0            0
syn_1302_pharmacy_routing          10        1.000         0            0
syn_1303_privacy_next_action       12        1.000         0            0
syn_1304_duplicate_detection_event_ticketing     10        1.000         0            0
syn_1306_admissions_completion_check     17        1.000         0            0
syn_1307_duplicate_detection_library     14        1.000         0            0
syn_1308_duplicate_detection_ap     14        1.000         0            0
syn_1310_loyalty_duplicate_detection     14        1.000         0            0
syn_1311_network_root_cause_classification     12        1.000         0            0
syn_1312_email_duplicate_detection     14        1.000         0            1
syn_1313_onboarding_completion_check     16        1.000         0            0
syn_1314_property_maintenance_routing     12        1.000         0            0
syn_1315_utility_billing_adjustment     10        1.000         0            3
syn_1316_lab_risk_rating            5        1.000         0            4
syn_1317_hospital_admission_triage      9        1.000         0            0
syn_1322_online_marketplace_consistency      4        1.000         0            0
syn_1323_benefits_enrollment_next_action     11        1.000         0            0
syn_1324_localization_qa_risk_rating     14        1.000         0            0
syn_1325_onboarding_anomaly_detection     11        1.000         0            0
syn_1326_subscription_billing_anomaly     13        1.000         0            1
syn_1328_export_control_risk_rating     14        1.000         0            0
syn_1329_db_candidate_selection     13        1.000         0            0
syn_1331_grant_anomaly_detection     13        1.000         0            0
syn_1332_duplicate_detection_spreadsheet     12        1.000         0            0
syn_1333_maritime_consistency_check     11        0.909         0            0
syn_1335_aml_risk_scoring           7        1.000         0            1
syn_1336_child_safety_policy       13        1.000         0            0
syn_1337_property_maintenance_safety_review      8        1.000         0            0
syn_1338_grant_duplicate_detection     10        1.000         0            0
syn_1341_automotive_service_risk_rating     10        1.000         0            0
syn_1343_grid_action_selection     17        1.000         0            0
syn_1347_payroll_risk_score        13        1.000         0            1
syn_1348_vuln_compliance_detection     14        1.000         0            0
syn_1349_benefits_anomaly_detection     13        1.000         0            0
syn_1350_duplicate_detection        6        1.000         0            1
syn_1352_course_priority_scoring     12        1.000         0            0
syn_1353_vet_triage_severity        9        1.000         0            0
syn_1354_card_payment_root_cause_classification     11        1.000         0            0
syn_1355_aviation_maintenance_risk_rating     12        1.000         0            0
syn_1356_content_moderation_consistency     10        1.000         0            0
syn_1357_public_benefits_eligibility     10        1.000         0            0
syn_1358_hotel_reservation_routing     12        1.000         0            0
syn_1359_aviation_maintenance_routing     12        1.000         0            0
syn_1360_claim_consistency_check     10        1.000         0            0
syn_1361_document_formatting       15        1.000         0            0
syn_1362_automotive_triage         13        1.000         0            0
syn_1363_employee_onboarding_root_cause_classification     16        1.000         0            0
syn_1364_service_completion_check     15        1.000         0            0
syn_1365_content_moderation_risk_scoring     12        1.000         0            2
syn_1366_card_payment_eligibility     14        1.000         0            0
syn_1367_fraud_completion_check     17        1.000         0            0
syn_1368_spreadsheet_consistency_check     18        1.000         0            0
syn_1369_duplicate_subscription_record      7        0.857         0            1
syn_1372_construction_safety_priority     15        1.000         0            2
syn_1373_spreadsheet_risk_rating      4        1.000         0            0
syn_1375_travel_booking_anomaly     15        1.000         0            0
syn_1376_pipeline_action_selector      9        1.000         0            0
syn_1377_calendar_risk_scoring      4        1.000         0            0
syn_1378_pharmacy_dispensing_anomaly     14        1.000         0            0
syn_1379_reg_compliance_severity     10        1.000         0            0
syn_1381_reg_compliance_routing     14        1.000         0            0
syn_1382_accessibility_root_cause_classification     10        1.000         0            1
syn_1384_spreadsheet_next_action     14        1.000         0            0
syn_1385_payroll_completion_check     14        1.000         0            0
syn_1386_fraud_triage              14        1.000         0            0
syn_1387_fraud_severity_rating     19        1.000         0            0
syn_1388_export_control_severity      7        1.000         0            0
syn_1389_fraud_trajectory_review      6        1.000         0            0
syn_1390_duplicate_detection_hospital_admissions     15        1.000         0            0
syn_1392_duplicate_detection_db      9        0.889         0            2
syn_1393_risk_rating                6        1.000         0            1
syn_1394_spreadsheet_routing       17        1.000         0            0
syn_1395_grid_incident_severity     14        1.000         0            0
syn_1396_legal_discovery_duplicate_detection     10        1.000         0            0
syn_1397_duplicate_detection_returns     13        1.000         0            1
syn_1398_clinical_trial_safety_review      3        1.000         0            0
syn_1399_duplicate_detection       10        1.000         0            1
syn_1400_cloud_cost_severity       10        1.000         0            0
syn_1401_last_mile_risk_score      15        1.000         0            0
syn_1402_aml_next_action           14        1.000         0            1
syn_1404_doc_format_quality        12        1.000         0            0
syn_1406_irrigation_consistency_check     19        1.000         0            0
syn_1407_real_estate_lease_next_action     13        1.000         0            0
syn_1408_course_scheduling_eligibility     12        1.000         0            0
syn_1409_cicd_next_action          17        1.000         0            0
syn_1410_child_safety_root_cause      8        1.000         0            0
syn_1411_child_safety_anomaly_detection      9        1.000         0            0
syn_1412_recruit_risk_rating        6        1.000         0            2
syn_1415_benefits_risk_rating       5        1.000         0            2
syn_1416_doc_formatting_severity     14        1.000         0            2
syn_1417_subscription_billing_quality      9        1.000         0            0
syn_1418_billing_quality_rating     15        1.000         0            0
syn_1420_clinical_trial_severity      9        1.000         0            0
syn_1421_duplicate_detection        7        1.000         0            0
syn_1422_lab_consistency_check     13        1.000         0            0
syn_1423_warehouse_inventory_consistency      7        1.000         0            0
syn_1426_expense_reimbursement_category     15        1.000         0            0
syn_1427_pipeline_risk_scoring      3        1.000         0            2
syn_1428_loyalty_incident_priority     12        1.000         0            0
syn_1429_library_reservation_policy     14        1.000         0            0
syn_1430_calendar_policy_check     18        1.000         0            0
syn_1431_property_maintenance_risk      5        1.000         0            0
syn_1432_ci_cd_pipeline_selection      9        1.000         0            1
syn_1433_food_safety_inspection      3        1.000         0            0
syn_1434_return_risk_scoring        4        1.000         0            4
syn_1435_web_browsing_next_action     11        1.000         0            0
syn_1436_course_scheduling_policy     12        1.000         0            2
syn_1437_manufacturing_quality_severity      5        1.000         0            1
syn_1438_duplicate_detection       12        1.000         0            0
syn_1439_grant_eligibility         14        1.000         0            0
syn_1440_claim_root_cause_classification     12        1.000         0            0
syn_1441_ap_routing                14        1.000         0            0
syn_1442_travel_next_best_action      8        1.000         0            0
syn_1443_grid_safety_policy_check     13        0.923         0            1
syn_1445_lab_root_cause_classification     16        1.000         0            0
syn_1446_web_browsing_policy_check     14        1.000         0            0
syn_1447_cloud_cost_safety          7        1.000         0            0
syn_1448_loyalty_program_rating     17        1.000         0            0
syn_1449_food_safety_next_action     15        1.000         0            0
syn_1451_ml_deployment_next_action     14        1.000         0            0
syn_1452_manufacturing_quality_rating     16        1.000         0            0
syn_1454_regulatory_next_best_action     14        1.000         0            0
syn_1455_fraud_next_action         10        1.000         0            0
syn_1456_network_duplicate_detection     16        1.000         0            2
syn_1457_subscription_duplicate_detection     12        1.000         0            0
syn_1458_calendar_routing          10        1.000         0            0
syn_1459_food_safety_risk_rating     11        1.000         0            2
syn_1460_restaurant_severity_rating     11        1.000         0            1
syn_1463_automotive_next_action      9        1.000         0            1
syn_1464_cicd_consistency_check     13        1.000         0            0
syn_1465_health_insurance_next_action     14        1.000         0            0
syn_1466_maritime_shipping_completion_check     11        1.000         0            0
syn_1467_library_root_cause_classification     11        1.000         0            0
syn_1468_last_mile_next_action     10        1.000         0            0
syn_1469_lab_task_completion_check     17        1.000         0            0
syn_1470_food_safety_violation_detection     13        0.846         0            0
syn_1471_ticket_completion_check     11        1.000         0            0
syn_1472_subscription_consistency_check     15        1.000         0            0
syn_1473_sports_schedule_safety_review      3        1.000         0            0
syn_1474_library_next_action       14        1.000         0            0
syn_1475_loan_underwriting_completion_check     12        1.000         0            0
syn_1476_code_quality_rating       12        1.000         0            0
syn_1477_automotive_service_violation     11        1.000         0            0
syn_1478_food_safety_duplicate_detection      9        1.000         0            4
syn_1480_ticket_consistency_check     15        1.000         0            0
syn_1482_pharmacy_priority_rating     12        1.000         0            1
syn_1484_admission_completion_check     12        1.000         0            0
syn_1485_admissions_priority_scoring     13        1.000         0            0
syn_1486_listing_issue_classifier     13        1.000         0            0
syn_1487_construction_safety_consistency_check     12        0.750         0            0
syn_1488_ml_deployment_next_action     15        1.000         0            0
syn_1489_utilities_billing_routing     11        1.000         0            0
syn_1490_ml_deployment_routing     12        1.000         0            0
syn_1492_recruit_consistency_check     14        1.000         0            0
syn_1493_library_safety_review      3        1.000         0            0
syn_1494_irrigation_next_action     16        1.000         0            0
syn_1495_real_estate_duplicate_detection     11        1.000         0            0
syn_1496_loan_quality_rating        8        1.000         0            1
syn_1498_grid_task_completion      14        1.000         0            0
syn_1499_localization_qa_risk_rating      9        1.000         0            0
syn_1501_ticket_refund_root_cause     16        1.000         0            0
syn_1503_refund_safety_review       3        1.000         0            0
syn_1504_cloud_cost_duplicate_detection     14        1.000         0            0
syn_1505_lease_rejection_cause     13        1.000         0            0
syn_1506_automotive_service_safety_review      5        1.000         0            0
syn_1507_pharmacy_dispensing_risk      7        1.000         0            1
syn_1508_slide_deck_compliance     13        1.000         0            0
syn_1509_ap_invoice_rejection      15        1.000         0            0
syn_1510_travel_booking_safety_review      3        1.000         0            0
syn_1511_pharmacy_dispense_priority     16        1.000         0            0
syn_1512_email_assistant_next_action     17        1.000         0            0
syn_1513_ticket_priority_scoring     10        1.000         0            0
syn_1514_calendar_assistant_quality     10        1.000         0            0
syn_1516_iam_next_best_action       9        1.000         0            0
syn_1517_incident_response_anomaly_detection     14        1.000         0            0
syn_1518_leasing_completion_check      8        1.000         0            0
syn_1519_subscription_billing_suspension     16        1.000         0            0
syn_1520_loan_underwriting_next_action     12        1.000         0            0
syn_1521_grid_next_action           5        1.000         0            2
syn_1522_ticket_next_action        10        1.000         0            0
syn_1523_recruiting_next_action     10        1.000         0            0
syn_1524_privacy_request_risk_rating      7        1.000         0            0
syn_1525_manufacturing_quality_control     10        1.000         0            0
syn_1526_freight_risk_rating       10        1.000         0            0
syn_1527_lab_next_action           13        1.000         0            0
syn_1528_cicd_next_action          11        1.000         0            0
syn_1529_employee_onboarding_duplicate_detection      8        1.000         0            0
syn_1530_export_control_risk_rating     15        1.000         0            0
syn_1531_warehouse_risk_rating      8        1.000         0            0
syn_1532_emergency_repair_eligibility     21        1.000         0            0
syn_1533_ticket_root_cause         17        1.000         0            0
syn_1534_benefits_enrollment_root_cause     19        1.000         0            0
syn_1535_contract_risk_severity     15        1.000         0            0
syn_1536_vet_triage_policy         12        1.000         0            0
syn_1538_public_benefits_priority_rating      6        1.000         0            3
syn_1539_incident_response_completion_check     11        1.000         0            0
syn_1540_veterinary_duplicate_detection     19        1.000         0            1
syn_1541_duplicate_detection       11        1.000         0            0
syn_1542_child_safety_consistency     14        0.929         0            1
syn_1544_expense_routing           17        1.000         0            0
syn_1546_loyalty_issue_severity     11        1.000         0            1
syn_1547_duplicate_ticket_detection     16        1.000         0            0
syn_1548_aml_routing_task          11        1.000         0            0
syn_1549_network_ops_consistency_check     16        1.000         0            0
syn_1550_auto_service_consistency_check      7        0.857         0            0
syn_1552_ticket_routing            11        1.000         0            0
syn_1553_localization_duplicate_detection     15        1.000         0            0
syn_1554_ad_review_next_action     13        1.000         0            0
syn_1555_news_article_eligibility     16        1.000         0            1
syn_1557_maritime_duplicate_detection     11        1.000         0            0
syn_1558_clinical_trial_duplicate_detection     13        1.000         0            1
syn_1559_subscription_billing_safety_review      9        0.889         0            0
syn_1560_db_risk_rating            15        1.000         0            1
syn_1561_fraud_decision_choice     11        1.000         0            0
syn_1562_duplicate_detection_child_safety     13        1.000         0            1
syn_1563_listing_policy_check      10        0.900         0            0
syn_1564_food_safety_batch_release     15        1.000         0            0
syn_1565_iam_safety_review          5        1.000         0            0
syn_1566_refund_consistency_check     15        1.000         0            0
syn_1569_next_best_action          15        1.000         0            0
syn_1570_hotel_reservation_safety      2        1.000         0            0
syn_1571_aviation_maintenance_completion_check      8        1.000         0            0
syn_1573_content_moderation_risk      6        1.000         0            1
syn_1574_db_root_cause_classification     10        1.000         0            0
syn_1575_university_admissions_next_action     13        1.000         0            0
syn_1576_subscription_billing_next_action     13        1.000         0            0
syn_1577_marketplace_risk_rating     10        1.000         0            1
syn_1579_lease_risk_scoring        12        1.000         0            0
syn_1580_contract_review_completion_check     14        1.000         0            0
syn_1581_university_admissions     13        1.000         0            0
syn_1582_duplicate_detection_marketplace     13        1.000         0            0
syn_1584_freight_next_action       13        1.000         0            0
syn_1585_property_maintenance_next_action     10        1.000         0            0
syn_1586_utility_bill_consistency     10        0.900         0            0
syn_1587_aml_policy_check          10        1.000         0            0
syn_1588_lease_consistency_check      7        1.000         0            0
syn_1589_duplicate_detection_aml     16        1.000         0            0
syn_1590_discovery_violation_detection     14        1.000         0            0
syn_1591_warehouse_inventory_policy_check     13        1.000         0            1
syn_1592_smart_building_rating      4        1.000         0            3
syn_1595_clinical_trial_next_action     19        1.000         0            0
syn_1596_clinical_trial_screening     12        1.000         0            0
syn_1597_duplicate_detection       13        1.000         0            0
syn_1598_irrigation_next_action     15        1.000         0            0
syn_1599_customer_support_safety_review      6        1.000         0            0
syn_1602_code_risk_rating          15        1.000         0            0
syn_1604_fraud_risk_scoring         9        1.000         0            0
syn_1605_export_control_severity     16        1.000         0            0
syn_1606_last_mile_duplicate_detection     15        1.000         0            0
syn_1607_energy_grid_consistency_check     18        1.000         0            0
syn_1608_api_gateway_next_action     17        1.000         0            0
syn_1609_coding_agent_next_action     13        1.000         0            0
syn_1610_duplicate_detection       16        1.000         0            0
syn_1611_grid_dispatch_selection     12        1.000         0            1
syn_1612_content_moderation_safety_review      7        1.000         0            0
syn_1613_expense_report_policy_check     15        1.000         0            0
syn_1614_library_anomaly_detection     15        1.000         0            0
syn_1615_api_gateway_routing       13        1.000         0            0
syn_1618_db_maintenance_decision     13        1.000         0            1
syn_1619_manufacturing_quality_risk     17        1.000         0            0
syn_1620_card_payment_risk_scoring     11        1.000         0            0
syn_1621_hotel_next_action         17        1.000         0            0
syn_1623_vet_triage_consistency     15        0.933         0            1
syn_1624_duplicate_content_detection     15        1.000         0            0
syn_1625_duplicate_detection       15        1.000         0            0
syn_1627_loyalty_risk_rating       18        1.000         0            0
syn_1628_workplace_safety_priority      9        1.000         0            0
syn_1629_discovery_risk_rating     12        1.000         0            0
syn_1630_benefits_consistency_check     14        1.000         0            0
syn_1631_public_benefits_fraud_risk     16        1.000         0            1
syn_1632_ticketing_safety_review      4        1.000         0            0
syn_1633_contract_severity_rating      8        1.000         0            0
syn_1634_utilities_next_action     12        1.000         0            1
syn_1635_construction_site_safety_risk_score     10        1.000         0            3
syn_1636_restaurant_safety_review      5        1.000         0            0
syn_1637_slide_deck_policy_check     14        1.000         0            0
syn_1638_child_safety_duplicate_detection     13        1.000         0            0
syn_1641_maintenance_risk_rating     14        1.000         0            0
syn_1642_travel_booking_risk_rating      8        1.000         0            0
syn_1643_accessibility_consistency_check     12        1.000         0            0
syn_1644_pharmacy_dispensing_policy      8        1.000         0            0
syn_1647_localization_qa_quality_rating      6        1.000         0            2
syn_1648_vet_triage                14        1.000         0            1
syn_1649_child_safety_review       12        1.000         0            0
syn_1650_ticket_priority_scoring      8        1.000         0            0
syn_1651_coding_agent_routing      12        1.000         0            0
syn_1652_loan_underwriting_decision      9        1.000         0            3
syn_1653_hotel_reservation_next_action     21        1.000         0            0
syn_1654_lab_priority_scoring       8        1.000         0            3
syn_1655_hotel_reservation_consistency_check     15        1.000         0            0
syn_1656_ap_consistency_check      17        1.000         0            0
syn_1657_email_issue_classification     13        1.000         0            0
syn_1658_accessibility_policy_check     14        1.000         0            0
syn_1659_smart_building_severity_rating     12        1.000         0            0
syn_1660_coding_completion_check     21        1.000         0            0
syn_1662_library_risk_rating       10        1.000         0            0
syn_1663_legal_discovery_safety_review      7        1.000         0            0
syn_1664_public_benefits_eligibility     12        1.000         0            1
syn_1665_privacy_anomaly_detection     13        1.000         0            0
syn_1666_news_risk_rating           6        1.000         0            1
syn_1668_freight_completion_check     16        1.000         0            0
syn_1670_workplace_safety_review      3        1.000         0            0
syn_1672_restaurant_shift_closure     13        1.000         0            0
syn_1673_news_completion_check     15        1.000         0            0
syn_1674_calendar_safety_review      7        1.000         0            0
syn_1675_smart_building_task_completion     15        1.000         0            1
syn_1676_hotel_reservation_priority      8        1.000         0            2
syn_1678_payroll_routing           11        1.000         0            0
syn_1679_event_ticket_duplicate_detection     12        1.000         0            0
syn_1680_discovery_completion_check     16        1.000         0            0
syn_1681_duplicate_detection        7        1.000         0            0
syn_1683_ticket_consistency_check     14        1.000         0            0
syn_1685_property_maintenance_consistency_check     13        1.000         0            0
syn_1686_emission_compliance       11        1.000         0            0
syn_1687_aviation_maintenance_priority     16        1.000         0            0
syn_1688_risk_rating_food_safety      9        1.000         0            0
syn_1689_return_risk_scoring       10        1.000         0            0
syn_1690_pipeline_next_action      13        1.000         0            0
syn_1691_fraud_risk_rating          7        1.000         0            1
syn_1692_cloud_cost_risk_score     13        1.000         0            3
syn_1693_coding_agent_severity_rating     15        1.000         0            0
syn_1694_property_maintenance_duplicate_detection     15        1.000         0            1
syn_1695_university_admissions_anomaly     14        0.929         0            0
syn_1698_benefits_enrollment_routing     13        1.000         0            0
syn_1699_veterinary_triage_next_action     11        1.000         0            0
syn_1700_api_gateway_anomaly_detection     15        0.933         0            1
syn_1702_incident_routing          13        1.000         0            0
syn_1703_export_completion_check     17        1.000         0            0
syn_1704_sports_league_scheduling     10        1.000         0            0
syn_1705_lease_anomaly_detection     18        1.000         0            0
syn_1706_ml_deployment_priority     11        1.000         0            0
syn_1707_maritime_anomaly_detection     13        1.000         0            0
syn_1708_duplicate_detection_utility     15        1.000         0            0
syn_1709_overtime_denial           13        1.000         0            0
syn_1710_manufacturing_quality_severity     10        1.000         0            1
syn_1712_listing_priority_rating     15        1.000         0            0
syn_1713_library_risk_rating       12        1.000         0            0
syn_1714_slide_deck_safety          7        1.000         0            0
syn_1715_incident_response_next_action     15        1.000         0            0
syn_1716_warehouse_priority_rating     16        1.000         0            0
syn_1718_loyalty_safety_review      1        1.000         0            0
syn_1720_ap_next_best_action       13        1.000         0            0
syn_1722_course_routing            13        1.000         0            0
syn_1723_property_maintenance_vendor_selection     10        1.000         0            1
syn_1725_accounts_payable_selection     11        1.000         0            1
syn_1726_card_payment_risk_rating     14        1.000         0            0
syn_1727_pharmacy_dispensing_completion     17        1.000         0            0
syn_1729_coding_agent_decision     14        1.000         0            0
syn_1730_aml_priority_rating       13        1.000         0            0
syn_1731_onboarding_quality_rating      6        1.000         0            2
syn_1732_duplicate_detection       15        1.000         0            0
syn_1733_vuln_remediation_rating     16        1.000         0            0
syn_1734_api_gateway_severity_rating     14        1.000         0            0
syn_1735_duplicate_incident_detection      6        0.833         0            1
syn_1736_vet_triage_risk           12        1.000         0            0
syn_1737_utility_risk_scoring       4        1.000         0            2
syn_1738_utility_bill_root_cause     11        1.000         0            0
syn_1739_child_safety_rating       13        1.000         0            0
syn_1740_ad_risk_scoring            6        1.000         0            1
syn_1741_vet_triage_routing        13        1.000         0            0
syn_1742_news_anomaly_detection     16        1.000         0            0
syn_1743_legal_discovery_routing     13        1.000         0            0
syn_1744_cloud_cost_anomaly_detection     14        1.000         0            0
syn_1745_duplicate_detection       20        1.000         0            0
syn_1748_energy_grid_routing       10        1.000         0            0
syn_1749_web_browsing_risk          5        1.000         0            1
syn_1750_api_gateway_next_action     12        1.000         0            0
syn_1751_food_safety_root_cause     13        1.000         0            0
syn_1752_duplicate_detection_fraud     11        1.000         0            1
syn_1753_ap_severity_rating        14        1.000         0            1
syn_1754_duplicate_email_detection     15        1.000         0            0
syn_1756_freight_consistency_check     11        1.000         0            0
syn_1758_employee_onboarding_safety_review      5        1.000         0            0
syn_1759_course_schedule_consistency     13        1.000         0            0
syn_1760_duplicate_entity_detection     11        1.000         0            0
syn_1761_travel_booking_policy_check     14        1.000         0            0
syn_1762_privacy_priority_scoring     11        1.000         0            1
syn_1765_calendar_consistency_check     15        0.867         0            0
syn_1766_health_claim_next_action      9        1.000         0            0
syn_1768_benefits_enrollment_quality     13        1.000         0            0
syn_1769_cicd_risk_rating           8        1.000         0            4
syn_1770_freight_duplicate_detection      9        1.000         0            0
syn_1771_irrigation_completion_check      9        1.000         0            0
syn_1772_maritime_routing_triage      9        1.000         0            0
syn_1774_email_assistant_completion     17        1.000         0            0
syn_1775_incident_risk_rating       8        1.000         0            4
syn_1776_qc_duplicate_detection     12        1.000         0            0
syn_1779_listing_next_action       17        1.000         0            0
syn_1781_slide_next_action          8        1.000         0            0
syn_1782_vuln_patch_selection      19        1.000         0            0
syn_1783_card_payment_risk_rating      7        1.000         0            1
syn_1784_aml_root_cause_classification     13        1.000         0            0
syn_1785_contract_review_routing     14        1.000         0            0
syn_1786_restaurant_next_action     10        1.000         0            0
syn_1787_pharmacy_dispensing_risk_rating      9        1.000         0            0
syn_1788_duplicate_entity_detection     11        1.000         0            0
syn_1789_grid_anomaly_detection     10        0.900         0            2
syn_1791_duplicate_expense_detection     15        1.000         0            0
syn_1792_irrigation_quality_rating     16        1.000         0            0
syn_1793_returns_routing            9        1.000         0            0
syn_1794_vulnerability_task_completion     16        1.000         0            0
syn_1796_web_browsing_root_cause_classification     12        1.000         0            0
syn_1798_vet_triage_task           15        1.000         0            0
syn_1799_payroll_duplicate_detection      6        1.000         0            0
syn_1800_contract_safety_review      9        1.000         0            0
syn_1801_db_routing_triage         12        1.000         0            0
syn_1802_onboarding_track_selection     16        1.000         0            0
syn_1803_payroll_consistency_check     14        1.000         0            0
syn_1804_cloud_cost_next_action      8        1.000         0            2
syn_1805_slide_deck_routing        15        1.000         0            0
syn_1807_ml_deployment_root_cause     16        1.000         0            0
syn_1808_duplicate_detection       16        1.000         0            0
syn_1809_payroll_item_selection     17        1.000         0            0
syn_1810_loan_underwriting_next_action     17        1.000         0            0
syn_1811_university_admissions_next_action     15        1.000         0            0
syn_1812_pipeline_routing           8        1.000         0            0
syn_1814_ml_deployment_consistency_check     12        1.000         0            1
syn_1816_subscription_plan_selection     14        1.000         0            0
syn_1817_network_incident_severity     11        1.000         0            0
syn_1818_pr_merge_eligibility      16        1.000         0            1
syn_1819_manufacturing_completion_check     10        1.000         0            0
syn_1820_freight_routing_triage     12        1.000         0            0
syn_1821_grid_risk_rating           7        1.000         0            2
syn_1822_aml_consistency_check      9        1.000         0            0
syn_1823_irrigation_risk           11        1.000         0            1
syn_1824_duplicate_sample_detection     18        1.000         0            0
syn_1825_vulnerability_rejection_check     16        1.000         0            0
syn_1826_construction_safety_root_cause     13        1.000         0            0
syn_1827_loyalty_consistency_check     10        1.000         0            0
syn_1828_grant_next_action         14        1.000         0            0
syn_1829_spreadsheet_root_cause_classification     11        1.000         0            0
syn_1830_legal_discovery_issue_classification     13        1.000         0            0
syn_1831_freight_next_action       15        1.000         0            0
syn_1832_grant_risk_rating         13        1.000         0            0
syn_1833_benefits_enrollment_completion     15        1.000         0            0
syn_1835_web_browsing_anomaly_detection     18        1.000         0            0
syn_1837_onboarding_routing        15        1.000         0            0
syn_1838_expense_reimbursement_risk_rating     10        1.000         0            1
syn_1839_construction_ppe_selection     14        1.000         0            0
syn_1841_loan_underwriting_policy     10        0.500         0            2
syn_1843_api_gateway_risk_rating     16        1.000         0            0
syn_1844_slide_deck_next_action     15        1.000         0            0
syn_1845_slide_deck_quality        10        1.000         0            0
syn_1846_restaurant_quality_rating     12        1.000         0            0
syn_1847_clinical_screening_priority     10        1.000         0            2
syn_1848_spreadsheet_severity_rating     22        1.000         0            0
syn_1849_discovery_priority_rating     13        1.000         0            0
syn_1850_ticket_violation_detection     12        1.000         0            0
syn_1852_duplicate_detection       18        0.944         0            0
syn_1854_expense_reimbursement_safety_review      5        1.000         0            0
syn_1856_hospital_admission_risk      6        1.000         0            0
syn_1857_coding_agent_next_action     16        1.000         0            0
syn_1858_localization_qa_next_action      8        1.000         0            0
syn_1859_access_audit_duplicate_detection      6        0.833         0            2
syn_1860_service_priority_scoring     14        1.000         0            0
syn_1861_lab_safety_trajectory_review      7        1.000         0            0
syn_1862_localization_qa_completion     12        1.000         0            0
syn_1863_food_safety_severity      12        1.000         0            1
syn_1864_public_benefits_completion_check      9        1.000         0            1
syn_1865_refund_next_action         8        1.000         0            1
syn_1869_duplicate_detection_fraud     13        1.000         0            0
syn_1870_child_safety_risk_rating     11        1.000         0            0
syn_1871_lab_risk_severity          3        1.000         0            0
syn_1872_league_sched              12        1.000         0            0
syn_1873_construction_duplicate_detection      8        1.000         0            0
syn_1875_db_safety_review           5        1.000         0            0
syn_1876_workplace_safety_completion_check     13        1.000         0            0
syn_1878_chemical_use_approval      7        1.000         0            1
syn_1880_property_maintenance_root_cause_classification     18        1.000         0            0
syn_1881_legal_discovery_risk_score      8        1.000         0            1
syn_1882_duplicate_detection_public_benefits      9        0.889         0            0
syn_1883_warehouse_anomaly_detection     16        1.000         0            0
syn_1885_lease_next_action         12        1.000         0            0
syn_1886_localization_qa_next_action      9        1.000         0            2
syn_1887_export_control_rejection     14        1.000         0            0
syn_1888_news_risk_rating          10        1.000         0            1
syn_1890_last_mile_safety_review      5        1.000         0            0
syn_1891_cloud_cost_consistency     11        1.000         0            0
syn_1892_grant_risk_scoring        16        1.000         0            0
syn_1893_health_claim_routing      14        1.000         0            0
syn_1894_travel_booking_quality     12        1.000         0            1
syn_1895_ad_completion_check       15        1.000         0            0
syn_1896_duplicate_detection_hospital_admissions      4        1.000         0            0
syn_1897_vet_triage_severity       11        1.000         0            0
syn_1898_duplicate_game_detection      7        1.000         0            0
syn_1899_duplicate_detection        7        0.714         0            1
train_agent_escalate             1372        0.878         3            0
train_agent_goal_done            1424        1.000         0            0
train_alert_same_incident        1394        1.000         0            0
train_churn_risk                 1385        0.827       106            0
train_deploy_gate                1362        0.988         6            0
train_invoice_match              1327        0.971         9            0
train_kyc_check                  1404        1.000         0            0
train_payload_validation         1390        0.952        39            0
train_ppt_chart_for_question      342        0.939        11            0
train_ppt_speaker_notes          1343        0.993         3            0
train_ppt_title_quality           121        0.909         5            0
train_pr_risk                    1396        0.995         3            0
train_shipment_exception         1380        1.000         0            0
train_sla_breach                 1385        0.953        17            0
train_tool_error_kind            1398        0.998         3            0
wanli_nli                        3329        0.772       125            0
synthetic: 986 families, kept 11311 rows, dropped 266 without generator/teacher consensus
total 90134 targets -> data/train/targets_bos_core.jsonl; 0 rows had no teacher label and were skipped
